../sts/arch/arm/lib_printf.c:35:12:__atox	48	static
../sts/arch/arm/lib_printf.c:83:12:__llatox	64	static
../sts/arch/arm/lib_printf.c:142:5:xvsprintf	120	static
../sts/arch/arm/lib_printf.c:339:5:xsprintf	28	static
../sts/arch/arm/lib_printf.c:367:5:printf	536	static
../sts/arch/arm/lib_printf.c:389:5:xvprintf	536	static
../sts/arch/arm/lib_printf.c:401:6:putstring	24	static
../sts/arch/arm/lib_printf.c:408:6:putc	24	static
../sts/arch/arm/lib_printf.c:429:6:puts	8	static
../sts/arch/arm/lib_printf.c:433:6:putchar	16	static
