../sts/ui/ui_commands.c:37:5:add_cmd	24	static
../sts/ui/ui_commands.c:46:6:register_ui_commands	8	static
../sts/ui/ui_commands.c:65:7:split_string	32	static
../sts/ui/ui_commands.c:84:6:execute_command	432	static
../sts/ui/ui_commands.c:105:6:simple_command	16	static
../sts/ui/ui_commands.c:114:6:help_command	24	static
../sts/ui/ui_commands.c:122:6:ui_cmd_display	40	static
../sts/ui/ui_commands.c:143:6:ui_cmd_edit	40	static
../sts/ui/ui_commands.c:173:6:LEDR_Init	24	static
../sts/ui/ui_commands.c:204:6:LEDG_Init	16	static
../sts/ui/ui_commands.c:221:12:ui_cmd_LEDG	24	static
../sts/ui/ui_commands.c:247:6:I2C_Init	4	static
../sts/ui/ui_commands.c:261:6:I2C_Init_INIT	4	static
../sts/ui/ui_commands.c:297:6:ui_cmd_I2C	32	static
../sts/ui/ui_commands.c:436:12:READ_I2C_IO2	32	static
../sts/ui/ui_commands.c:466:12:ui_cmd_write_I2C	48	static
../sts/ui/ui_commands.c:527:12:ui_cmd_joystick	16	static
../sts/ui/ui_commands.c:568:12:uart_handler	16	static
../sts/ui/ui_commands.c:595:6:mytest_1	16	static
../sts/ui/ui_commands.c:622:12:ui_clock_measure	24	static
