../sts/ui/ui_commands.c:40:5:add_cmd	24	static
../sts/ui/ui_commands.c:49:6:register_ui_commands	8	static
../sts/ui/ui_commands.c:70:7:split_string	32	static
../sts/ui/ui_commands.c:89:6:execute_command	432	static
../sts/ui/ui_commands.c:110:6:simple_command	16	static
../sts/ui/ui_commands.c:119:6:help_command	24	static
../sts/ui/ui_commands.c:127:6:ui_cmd_display	40	static
../sts/ui/ui_commands.c:148:6:ui_cmd_edit	40	static
../sts/ui/ui_commands.c:178:6:LEDR_Init	24	static
../sts/ui/ui_commands.c:209:6:LEDG_Init	16	static
../sts/ui/ui_commands.c:226:12:ui_cmd_LEDG	24	static
../sts/ui/ui_commands.c:252:6:I2C_Init	4	static
../sts/ui/ui_commands.c:279:6:I2C_Init_INIT	4	static
../sts/ui/ui_commands.c:314:6:I2C_Init_INIT2	4	static
../sts/ui/ui_commands.c:365:6:ui_cmd_I2C	32	static
../sts/ui/ui_commands.c:504:12:READ_I2C_IO2	32	static
../sts/ui/ui_commands.c:537:12:ui_cmd_write_I2C	48	static
../sts/ui/ui_commands.c:598:12:ui_cmd_joystick	16	static
../sts/ui/ui_commands.c:639:12:uart_handler	16	static
../sts/ui/ui_commands.c:666:6:mytest_1	16	static
../sts/ui/ui_commands.c:697:12:ui_clock_measure	24	static
../sts/ui/ui_commands.c:750:12:ui_CM	24	static
../sts/ui/ui_commands.c:792:12:SysTick_Init	32	static
