../sts/ui/ui_commands.c:11:6:register_ui_commands	8	static
../sts/ui/ui_commands.c:43:7:split_string	32	static
../sts/ui/ui_commands.c:62:6:execute_command	432	static
../sts/ui/ui_commands.c:83:6:simple_command	16	static
../sts/ui/ui_commands.c:92:6:help_command	24	static
../sts/ui/ui_commands.c:100:6:ui_cmd_display	40	static
../sts/ui/ui_commands.c:121:6:ui_cmd_edit	40	static
../sts/ui/ui_commands.c:154:6:LED_Init	16	static
../sts/ui/ui_commands.c:173:6:I2C_Init	4	static
../sts/ui/ui_commands.c:190:6:I2C_Init_INIT	4	static
../sts/ui/ui_commands.c:228:6:ui_cmd_I2C	32	static
../sts/ui/ui_commands.c:320:12:READ_I2C_IO2	32	static
../sts/ui/ui_commands.c:352:12:ui_cmd_joystick	16	static
../sts/ui/ui_commands.c:393:12:uart_handler	16	static
../sts/ui/ui_commands.c:420:6:mytest_1	16	static
