../sts/ui/ui_commands.c:29:5:add_cmd	24	static
../sts/ui/ui_commands.c:38:6:register_ui_commands	8	static
../sts/ui/ui_commands.c:55:7:split_string	32	static
../sts/ui/ui_commands.c:74:6:execute_command	432	static
../sts/ui/ui_commands.c:95:6:simple_command	16	static
../sts/ui/ui_commands.c:104:6:help_command	24	static
../sts/ui/ui_commands.c:112:6:ui_cmd_display	40	static
../sts/ui/ui_commands.c:133:6:ui_cmd_edit	40	static
../sts/ui/ui_commands.c:162:6:LED_Init	4	static
../sts/ui/ui_commands.c:182:6:I2C_Init	4	static
../sts/ui/ui_commands.c:196:6:I2C_Init_INIT	4	static
../sts/ui/ui_commands.c:232:6:ui_cmd_I2C	32	static
../sts/ui/ui_commands.c:371:12:READ_I2C_IO2	32	static
../sts/ui/ui_commands.c:401:12:ui_cmd_write_I2C	48	static
../sts/ui/ui_commands.c:462:12:ui_cmd_joystick	16	static
../sts/ui/ui_commands.c:503:12:uart_handler	16	static
../sts/ui/ui_commands.c:530:6:mytest_1	16	static
