../sts/ui/ui_commands.c:12:6:register_ui_commands	8	static
../sts/ui/ui_commands.c:44:7:split_string	32	static
../sts/ui/ui_commands.c:63:6:execute_command	432	static
../sts/ui/ui_commands.c:84:6:simple_command	16	static
../sts/ui/ui_commands.c:93:6:help_command	24	static
../sts/ui/ui_commands.c:101:6:ui_cmd_display	40	static
../sts/ui/ui_commands.c:122:6:ui_cmd_edit	40	static
../sts/ui/ui_commands.c:151:6:LED_Init	4	static
../sts/ui/ui_commands.c:171:6:I2C_Init	4	static
../sts/ui/ui_commands.c:185:6:I2C_Init_INIT	4	static
../sts/ui/ui_commands.c:221:6:ui_cmd_I2C	32	static
../sts/ui/ui_commands.c:360:12:READ_I2C_IO2	32	static
../sts/ui/ui_commands.c:392:12:ui_cmd_joystick	16	static
../sts/ui/ui_commands.c:433:12:uart_handler	16	static
../sts/ui/ui_commands.c:460:6:mytest_1	16	static
